Archive member included to satisfy reference by file (symbol)

/Users/patrick/Downloads/gcc-arm-none-eabi-6-2017-q2-update/bin/../lib/gcc/arm-none-eabi/6.3.1/thumb/v7e-m/libgcc.a(_arm_addsubdf3.o)
                              ./src/main.o (__aeabi_dsub)
/Users/patrick/Downloads/gcc-arm-none-eabi-6-2017-q2-update/bin/../lib/gcc/arm-none-eabi/6.3.1/thumb/v7e-m/libgcc.a(_arm_truncdfsf2.o)
                              ./src/main.o (__aeabi_d2f)
/Users/patrick/Downloads/gcc-arm-none-eabi-6-2017-q2-update/bin/../lib/gcc/arm-none-eabi/6.3.1/thumb/v7e-m/libgcc.a(_arm_addsubsf3.o)
                              ./src/main.o (__aeabi_fsub)
/Users/patrick/Downloads/gcc-arm-none-eabi-6-2017-q2-update/bin/../lib/gcc/arm-none-eabi/6.3.1/thumb/v7e-m/libgcc.a(_arm_muldivsf3.o)
                              ./src/boardComponents/lis3dsh.o (__aeabi_fmul)
/Users/patrick/Downloads/gcc-arm-none-eabi-6-2017-q2-update/bin/../lib/gcc/arm-none-eabi/6.3.1/thumb/v7e-m/libgcc.a(_arm_cmpsf2.o)
                              ./src/main.o (__aeabi_fcmplt)
/Users/patrick/Downloads/gcc-arm-none-eabi-6-2017-q2-update/bin/../lib/gcc/arm-none-eabi/6.3.1/thumb/v7e-m/libgcc.a(_arm_fixsfsi.o)
                              ./src/boardComponents/lis3dsh.o (__aeabi_f2iz)
/Users/patrick/Downloads/gcc-arm-none-eabi-6-2017-q2-update/bin/../lib/gcc/arm-none-eabi/6.3.1/../../../../arm-none-eabi/lib/thumb/v7e-m/libg_nano.a(lib_a-errno.o)
                              ./system/src/newlib/_sbrk.o (__errno)
/Users/patrick/Downloads/gcc-arm-none-eabi-6-2017-q2-update/bin/../lib/gcc/arm-none-eabi/6.3.1/../../../../arm-none-eabi/lib/thumb/v7e-m/libg_nano.a(lib_a-impure.o)
                              /Users/patrick/Downloads/gcc-arm-none-eabi-6-2017-q2-update/bin/../lib/gcc/arm-none-eabi/6.3.1/../../../../arm-none-eabi/lib/thumb/v7e-m/libg_nano.a(lib_a-errno.o) (_impure_ptr)

Allocating common symbols
Common symbol       size              file

wavetable           0x8000            ./src/main.o
timer_delayCount    0x4               ./src/Timer.o
adcBuffer           0x10              ./src/main.o
smoothadc           0x20              ./src/main.o
errno               0x4               ./system/src/newlib/_syscalls.o
switchon            0x20              ./src/main.o
button_time         0x40              ./src/main.o
codecBuffer         0x80              ./src/main.o
uwTick              0x4               ./system/src/stm32f4-hal/stm32f4xx_hal.o
pFlash              0x20              ./system/src/stm32f4-hal/stm32f4xx_hal_flash.o
r                   0x4               ./src/main.o
bspAudioState       0x4               ./src/main.o
adc0average         0x100             ./src/main.o
Filter              0x34              ./src/BSP/stm32f4_discovery_audio.o
avgindex            0x2               ./src/main.o
dacBuffer           0x40              ./src/main.o
switchoff           0x20              ./src/main.o
DacHandle           0x14              ./src/main.o
time                0x4               ./src/main.o
hAudioOutI2s        0x44              ./src/BSP/stm32f4_discovery_audio.o
phasor              0x14              ./src/main.o
AdcHandle           0x48              ./src/main.o
outBuffer           0x1000            ./src/main.o
avgtotal            0x20              ./src/main.o
TimHandle           0x3c              ./src/main.o
inBuffer            0x1000            ./src/main.o
millisecs           0x4               ./src/main.o
ledselected         0x4               ./src/main.o
hAudioInI2s         0x44              ./src/BSP/stm32f4_discovery_audio.o
adc1average         0x100             ./src/main.o

Discarded input sections

 .text          0x0000000000000000        0x0 ./system/src/stm32f4-hal/stm32f4xx_hal.o
 .data          0x0000000000000000        0x0 ./system/src/stm32f4-hal/stm32f4xx_hal.o
 .bss           0x0000000000000000        0x0 ./system/src/stm32f4-hal/stm32f4xx_hal.o
 .text.HAL_MspInit
                0x0000000000000000        0x2 ./system/src/stm32f4-hal/stm32f4xx_hal.o
 .text.HAL_MspDeInit
                0x0000000000000000        0x2 ./system/src/stm32f4-hal/stm32f4xx_hal.o
 .text.HAL_DeInit
                0x0000000000000000       0x2c ./system/src/stm32f4-hal/stm32f4xx_hal.o
 .text.HAL_SuspendTick
                0x0000000000000000       0x10 ./system/src/stm32f4-hal/stm32f4xx_hal.o
 .text.HAL_ResumeTick
                0x0000000000000000       0x10 ./system/src/stm32f4-hal/stm32f4xx_hal.o
 .text.HAL_GetHalVersion
                0x0000000000000000        0x8 ./system/src/stm32f4-hal/stm32f4xx_hal.o
 .text.HAL_GetREVID
                0x0000000000000000        0xc ./system/src/stm32f4-hal/stm32f4xx_hal.o
 .text.HAL_GetDEVID
                0x0000000000000000       0x10 ./system/src/stm32f4-hal/stm32f4xx_hal.o
 .text.HAL_DBGMCU_EnableDBGSleepMode
                0x0000000000000000       0x10 ./system/src/stm32f4-hal/stm32f4xx_hal.o
 .text.HAL_DBGMCU_DisableDBGSleepMode
[...]
Memory Configuration

Name             Origin             Length             Attributes
RAM              0x0000000020000000 0x0000000000020000 xrw
CCMRAM           0x0000000010000000 0x0000000000010000 xrw
FLASH            0x0000000008000000 0x0000000000080000 xr
FLASHB1          0x0000000000000000 0x0000000000000000 xr
EXTMEMB0         0x0000000000000000 0x0000000000000000 xr
EXTMEMB1         0x0000000000000000 0x0000000000000000 xr
EXTMEMB2         0x0000000000000000 0x0000000000000000 xr
EXTMEMB3         0x0000000000000000 0x0000000000000000 xr
MEMORY_ARRAY     0x0000000020002000 0x0000000000000020 xrw
*default*        0x0000000000000000 0xffffffffffffffff

Linker script and memory map

LOAD ./system/src/stm32f4-hal/stm32f4xx_hal.o
LOAD ./system/src/stm32f4-hal/stm32f4xx_hal_cortex.o
LOAD ./system/src/stm32f4-hal/stm32f4xx_hal_flash.o
LOAD ./system/src/stm32f4-hal/stm32f4xx_hal_gpio.o
LOAD ./system/src/stm32f4-hal/stm32f4xx_hal_iwdg.o
LOAD ./system/src/stm32f4-hal/stm32f4xx_hal_pwr.o
LOAD ./system/src/stm32f4-hal/stm32f4xx_hal_rcc.o
LOAD ./system/src/newlib/_cxx.o
LOAD ./system/src/newlib/_exit.o
LOAD ./system/src/newlib/_sbrk.o
LOAD ./system/src/newlib/_startup.o
LOAD ./system/src/newlib/_syscalls.o
LOAD ./system/src/newlib/assert.o
LOAD ./system/src/diag/Trace.o
LOAD ./system/src/diag/trace_impl.o
LOAD ./system/src/cortexm/_initialize_hardware.o
LOAD ./system/src/cortexm/_reset_hardware.o
LOAD ./system/src/cortexm/exception_handlers.o
LOAD ./system/src/CMSIS/system_stm32f4xx.o
LOAD ./system/src/CMSIS/vectors_stm32f407xx.o
LOAD ./src/boardComponents/cs43l22.o
LOAD ./src/boardComponents/lis302dl.o
LOAD ./src/boardComponents/lis3dsh.o
LOAD ./src/BSP/stm32f4_discovery.o
LOAD ./src/BSP/stm32f4_discovery_accelerometer.o
LOAD ./src/BSP/stm32f4_discovery_audio.o
LOAD ./src/Timer.o
LOAD ./src/_initialize_hardware.o
LOAD ./src/_write.o
LOAD ./src/main.o
LOAD ./src/stm32f4xx_hal_msp.o
LOAD /Users/patrick/Downloads/gcc-arm-none-eabi-6-2017-q2-update/bin/../lib/gcc/arm-none-eabi/6.3.1/../../../../arm-none-eabi/lib/thumb/v7e-m/libstdc++_nano.a
LOAD /Users/patrick/Downloads/gcc-arm-none-eabi-6-2017-q2-update/bin/../lib/gcc/arm-none-eabi/6.3.1/../../../../arm-none-eabi/lib/thumb/v7e-m/libm.a
START GROUP
LOAD /Users/patrick/Downloads/gcc-arm-none-eabi-6-2017-q2-update/bin/../lib/gcc/arm-none-eabi/6.3.1/thumb/v7e-m/libgcc.a
LOAD /Users/patrick/Downloads/gcc-arm-none-eabi-6-2017-q2-update/bin/../lib/gcc/arm-none-eabi/6.3.1/../../../../arm-none-eabi/lib/thumb/v7e-m/libg_nano.a
LOAD /Users/patrick/Downloads/gcc-arm-none-eabi-6-2017-q2-update/bin/../lib/gcc/arm-none-eabi/6.3.1/../../../../arm-none-eabi/lib/thumb/v7e-m/libc_nano.a
END GROUP
START GROUP
LOAD /Users/patrick/Downloads/gcc-arm-none-eabi-6-2017-q2-update/bin/../lib/gcc/arm-none-eabi/6.3.1/thumb/v7e-m/libgcc.a
LOAD /Users/patrick/Downloads/gcc-arm-none-eabi-6-2017-q2-update/bin/../lib/gcc/arm-none-eabi/6.3.1/../../../../arm-none-eabi/lib/thumb/v7e-m/libc_nano.a
END GROUP
                0x0000000020020000                __stack = (ORIGIN (RAM) + LENGTH (RAM))
                0x0000000020020000                _estack = __stack
                0x0000000000000400                __Main_Stack_Size = 0x400
                [!provide]                        PROVIDE (_Main_Stack_Size, __Main_Stack_Size)
                0x000000002001fc00                __Main_Stack_Limit = (__stack - __Main_Stack_Size)
                [!provide]                        PROVIDE (_Main_Stack_Limit, __Main_Stack_Limit)
                0x0000000000000100                _Minimum_Stack_Size = 0x100
                0x0000000020012600                PROVIDE (_Heap_Begin, _end_noinit)
                0x000000002001fc00                PROVIDE (_Heap_Limit, (__stack - __Main_Stack_Size))

.isr_vector     0x0000000008000000      0x2ba
 FILL mask 0xff
                0x0000000008000000                __vectors_start = ABSOLUTE (.)
                0x0000000008000000                __vectors_start__ = ABSOLUTE (.)
 *(.isr_vector)
 .isr_vector    0x0000000008000000      0x188 ./system/src/CMSIS/vectors_stm32f407xx.o
                0x0000000008000000                __isr_vectors
 *(.cfmconfig)
 *(.after_vectors .after_vectors.*)
 .after_vectors
                0x0000000008000188       0xcc ./system/src/newlib/_startup.o
                0x0000000008000188                _start
 .after_vectors
                0x0000000008000254       0x64 ./system/src/cortexm/exception_handlers.o
                0x0000000008000254                Reset_Handler
                0x0000000008000258                NMI_Handler
                0x000000000800025a                HardFault_Handler
                0x000000000800026e                HardFault_Handler_C
                0x0000000008000270                MemManage_Handler
                0x0000000008000272                BusFault_Handler
                0x0000000008000286                BusFault_Handler_C
                0x0000000008000288                UsageFault_Handler
                0x000000000800029c                UsageFault_Handler_C
                0x000000000800029e                SVC_Handler
                0x00000000080002a0                DebugMon_Handler
                0x00000000080002a2                PendSV_Handler
 .after_vectors
                0x00000000080002b8        0x2 ./system/src/CMSIS/vectors_stm32f407xx.o
                0x00000000080002b8                DMA2_Stream6_IRQHandler
                0x00000000080002b8                HASH_RNG_IRQHandler
                0x00000000080002b8                TIM8_CC_IRQHandler
                0x00000000080002b8                TIM1_CC_IRQHandler
                0x00000000080002b8                DMA2_Stream5_IRQHandler
                0x00000000080002b8                PVD_IRQHandler
                0x00000000080002b8                SDIO_IRQHandler
                0x00000000080002b8                TAMP_STAMP_IRQHandler
                0x00000000080002b8                CAN2_RX1_IRQHandler
                0x00000000080002b8                TIM8_TRG_COM_TIM14_IRQHandler
                0x00000000080002b8                TIM1_UP_TIM10_IRQHandler
                0x00000000080002b8                TIM8_UP_TIM13_IRQHandler
                0x00000000080002b8                I2C3_ER_IRQHandler
                0x00000000080002b8                I2C2_EV_IRQHandler
                0x00000000080002b8                DMA1_Stream2_IRQHandler
                0x00000000080002b8                CAN1_RX0_IRQHandler
                0x00000000080002b8                FPU_IRQHandler
                0x00000000080002b8                OTG_HS_WKUP_IRQHandler
                0x00000000080002b8                CAN2_SCE_IRQHandler
                0x00000000080002b8                DMA2_Stream2_IRQHandler
                0x00000000080002b8                SPI1_IRQHandler
                0x00000000080002b8                TIM6_DAC_IRQHandler
                0x00000000080002b8                TIM1_BRK_TIM9_IRQHandler
                0x00000000080002b8                DCMI_IRQHandler
                0x00000000080002b8                CAN2_RX0_IRQHandler
                0x00000000080002b8                DMA2_Stream3_IRQHandler
                0x00000000080002b8                USART6_IRQHandler
                0x00000000080002b8                USART3_IRQHandler
                0x00000000080002b8                CAN1_RX1_IRQHandler
                0x00000000080002b8                UART5_IRQHandler
                0x00000000080002b8                TIM4_IRQHandler
                0x00000000080002b8                I2C1_EV_IRQHandler
                0x00000000080002b8                DMA1_Stream6_IRQHandler
                0x00000000080002b8                DMA1_Stream1_IRQHandler
                0x00000000080002b8                UART4_IRQHandler
                0x00000000080002b8                RCC_IRQHandler
                0x00000000080002b8                TIM8_BRK_TIM12_IRQHandler
                0x00000000080002b8                Default_Handler
                0x00000000080002b8                EXTI15_10_IRQHandler
                0x00000000080002b8                ADC_IRQHandler
                0x00000000080002b8                TIM7_IRQHandler
                0x00000000080002b8                CAN2_TX_IRQHandler
                0x00000000080002b8                TIM5_IRQHandler
                0x00000000080002b8                DMA2_Stream7_IRQHandler
                0x00000000080002b8                I2C3_EV_IRQHandler
                0x00000000080002b8                EXTI9_5_IRQHandler
                0x00000000080002b8                RTC_WKUP_IRQHandler
                0x00000000080002b8                ETH_WKUP_IRQHandler
                0x00000000080002b8                SPI2_IRQHandler
                0x00000000080002b8                OTG_HS_EP1_IN_IRQHandler
                0x00000000080002b8                DMA1_Stream0_IRQHandler
                0x00000000080002b8                CAN1_TX_IRQHandler
                0x00000000080002b8                EXTI4_IRQHandler
                0x00000000080002b8                ETH_IRQHandler
                0x00000000080002b8                OTG_HS_EP1_OUT_IRQHandler
                0x00000000080002b8                WWDG_IRQHandler
                0x00000000080002b8                TIM2_IRQHandler
                0x00000000080002b8                OTG_FS_WKUP_IRQHandler
                0x00000000080002b8                TIM1_TRG_COM_TIM11_IRQHandler
                0x00000000080002b8                OTG_HS_IRQHandler
                0x00000000080002b8                USART2_IRQHandler
                0x00000000080002b8                I2C2_ER_IRQHandler
                0x00000000080002b8                DMA2_Stream1_IRQHandler
                0x00000000080002b8                CAN1_SCE_IRQHandler
                0x00000000080002b8                FLASH_IRQHandler
                0x00000000080002b8                DMA2_Stream4_IRQHandler
                0x00000000080002b8                USART1_IRQHandler
                0x00000000080002b8                OTG_FS_IRQHandler
                0x00000000080002b8                SPI3_IRQHandler
                0x00000000080002b8                DMA1_Stream4_IRQHandler
                0x00000000080002b8                I2C1_ER_IRQHandler
                0x00000000080002b8                FMC_IRQHandler
                0x00000000080002b8                RTC_Alarm_IRQHandler

.inits          0x00000000080002bc       0x28
                0x00000000080002bc                __data_regions_array_start = .
                0x00000000080002bc        0x4 LONG 0x8002050 LOADADDR (.data)
                0x00000000080002c0        0x4 LONG 0x20000000 ADDR (.data)
                0x00000000080002c4        0x4 LONG 0x20008044 (ADDR (.data) + SIZEOF (.data))
                0x00000000080002c8        0x4 LONG 0x8002050 LOADADDR (.data_CCMRAM)
                0x00000000080002cc        0x4 LONG 0x10000000 ADDR (.data_CCMRAM)
                0x00000000080002d0        0x4 LONG 0x10000000 (ADDR (.data_CCMRAM) + SIZEOF (.data_CCMRAM))
                0x00000000080002d4                __data_regions_array_end = .
                0x00000000080002d4                __bss_regions_array_start = .
                0x00000000080002d4        0x4 LONG 0x20008044 ADDR (.bss)
                0x00000000080002d8        0x4 LONG 0x20012600 (ADDR (.bss) + SIZEOF (.bss))
                0x00000000080002dc        0x4 LONG 0x10000000 ADDR (.bss_CCMRAM)
                0x00000000080002e0        0x4 LONG 0x10000000 (ADDR (.bss_CCMRAM) + SIZEOF (.bss_CCMRAM))
                0x00000000080002e4                __bss_regions_array_end = .
 *(.init)
 *(.fini)
                0x00000000080002e4                . = ALIGN (0x4)
                0x00000000080002e4                PROVIDE (__preinit_array_start, .)
 *(.preinit_array_sysinit .preinit_array_sysinit.*)
 *(.preinit_array_platform .preinit_array_platform.*)
 *(.preinit_array .preinit_array.*)
                0x00000000080002e4                PROVIDE (__preinit_array_end, .)
                0x00000000080002e4                . = ALIGN (0x4)
                0x00000000080002e4                PROVIDE (__init_array_start, .)
 *(SORT(.init_array.*))
 *(.init_array)
                0x00000000080002e4                PROVIDE (__init_array_end, .)
                0x00000000080002e4                . = ALIGN (0x4)
                0x00000000080002e4                PROVIDE (__fini_array_start, .)
 *(SORT(.fini_array.*))
 *(.fini_array)
                0x00000000080002e4                PROVIDE (__fini_array_end, .)

.flashtext
 *(.flashtext .flashtext.*)

.text           0x00000000080002e4     0x1d6c
 *(.text .text.*)
 .text.HAL_InitTick
                0x00000000080002e4       0x24 ./system/src/stm32f4-hal/stm32f4xx_hal.o
                0x00000000080002e4                HAL_InitTick
 .text.HAL_Init
                0x0000000008000308       0x34 ./system/src/stm32f4-hal/stm32f4xx_hal.o
                0x0000000008000308                HAL_Init
 .text.HAL_IncTick
                0x000000000800033c       0x10 ./system/src/stm32f4-hal/stm32f4xx_hal.o
                0x000000000800033c                HAL_IncTick
 .text.HAL_GetTick
                0x000000000800034c        0xc ./system/src/stm32f4-hal/stm32f4xx_hal.o
                0x000000000800034c                HAL_GetTick
 .text.HAL_Delay
                0x0000000008000358       0x1a ./system/src/stm32f4-hal/stm32f4xx_hal.o
                0x0000000008000358                HAL_Delay
 *fill*         0x0000000008000372        0x2 
 .text.HAL_NVIC_SetPriorityGrouping
                0x0000000008000374       0x24 ./system/src/stm32f4-hal/stm32f4xx_hal_cortex.o
                0x0000000008000374                HAL_NVIC_SetPriorityGrouping
 .text.HAL_NVIC_SetPriority
                0x0000000008000398       0x68 ./system/src/stm32f4-hal/stm32f4xx_hal_cortex.o
                0x0000000008000398                HAL_NVIC_SetPriority
 .text.HAL_NVIC_EnableIRQ
                0x0000000008000400       0x18 ./system/src/stm32f4-hal/stm32f4xx_hal_cortex.o
                0x0000000008000400                HAL_NVIC_EnableIRQ
 .text.HAL_SYSTICK_Config
                0x0000000008000418       0x2c ./system/src/stm32f4-hal/stm32f4xx_hal_cortex.o
                0x0000000008000418                HAL_SYSTICK_Config
 .text.HAL_SYSTICK_CLKSourceConfig
                0x0000000008000444       0x18 ./system/src/stm32f4-hal/stm32f4xx_hal_cortex.o
                0x0000000008000444                HAL_SYSTICK_CLKSourceConfig
 .text.HAL_GPIO_Init
                0x000000000800045c      0x1cc ./system/src/stm32f4-hal/stm32f4xx_hal_gpio.o
                0x000000000800045c                HAL_GPIO_Init
 .text.HAL_GPIO_ReadPin
                0x0000000008000628        0xc ./system/src/stm32f4-hal/stm32f4xx_hal_gpio.o
                0x0000000008000628                HAL_GPIO_ReadPin
 .text.HAL_GPIO_WritePin
                0x0000000008000634        0xa ./system/src/stm32f4-hal/stm32f4xx_hal_gpio.o
                0x0000000008000634                HAL_GPIO_WritePin
 *fill*         0x000000000800063e        0x2 
 .text.HAL_GPIO_EXTI_IRQHandler
                0x0000000008000640       0x18 ./system/src/stm32f4-hal/stm32f4xx_hal_gpio.o
                0x0000000008000640                HAL_GPIO_EXTI_IRQHandler
 .text.HAL_RCC_OscConfig
                0x0000000008000658      0x2d8 ./system/src/stm32f4-hal/stm32f4xx_hal_rcc.o
                0x0000000008000658                HAL_RCC_OscConfig
 .text.HAL_RCC_ClockConfig
                0x0000000008000930      0x144 ./system/src/stm32f4-hal/stm32f4xx_hal_rcc.o
                0x0000000008000930                HAL_RCC_ClockConfig
 .text.HAL_RCC_GetSysClockFreq
                0x0000000008000a74       0x74 ./system/src/stm32f4-hal/stm32f4xx_hal_rcc.o
                0x0000000008000a74                HAL_RCC_GetSysClockFreq
 .text.HAL_RCC_GetHCLKFreq
                0x0000000008000ae8       0x34 ./system/src/stm32f4-hal/stm32f4xx_hal_rcc.o
                0x0000000008000ae8                HAL_RCC_GetHCLKFreq
 .text._exit    0x0000000008000b1c        0x6 ./system/src/newlib/_exit.o
                0x0000000008000b1c                _exit
 *fill*         0x0000000008000b22        0x2 
 .text.__initialize_args
                0x0000000008000b24       0x10 ./system/src/newlib/_syscalls.o
                0x0000000008000b24                __initialize_args
 .text.__initialize_hardware_early
                0x0000000008000b34       0x18 ./system/src/cortexm/_initialize_hardware.o
                0x0000000008000b34                __initialize_hardware_early
 .text.__reset_hardware
                0x0000000008000b4c       0x24 ./system/src/cortexm/_reset_hardware.o
                0x0000000008000b4c                __reset_hardware
 .text.SystemInit
                0x0000000008000b70       0x40 ./system/src/CMSIS/system_stm32f4xx.o
                0x0000000008000b70                SystemInit
 .text.SystemCoreClockUpdate
                0x0000000008000bb0       0x74 ./system/src/CMSIS/system_stm32f4xx.o
                0x0000000008000bb0                SystemCoreClockUpdate
 .text.cs43l22_SetFrequency
                0x0000000008000c24        0x4 ./src/boardComponents/cs43l22.o
                0x0000000008000c24                cs43l22_SetFrequency
 .text.cs43l22_Reset
                0x0000000008000c28        0x4 ./src/boardComponents/cs43l22.o
                0x0000000008000c28                cs43l22_Reset
 .text.cs43l22_SetVolume
                0x0000000008000c2c       0x46 ./src/boardComponents/cs43l22.o
                0x0000000008000c2c                cs43l22_SetVolume
 *fill*         0x0000000008000c72        0x2 
 .text.cs43l22_Init
                0x0000000008000c74       0xc8 ./src/boardComponents/cs43l22.o
                0x0000000008000c74                cs43l22_Init
 .text.cs43l22_DeInit
                0x0000000008000d3c        0x4 ./src/boardComponents/cs43l22.o
                0x0000000008000d3c                cs43l22_DeInit
 .text.cs43l22_ReadID
                0x0000000008000d40       0x16 ./src/boardComponents/cs43l22.o
                0x0000000008000d40                cs43l22_ReadID
 .text.cs43l22_SetMute.part.0
                0x0000000008000d56       0x26 ./src/boardComponents/cs43l22.o
 .text.cs43l22_SetMute
                0x0000000008000d7c       0x38 ./src/boardComponents/cs43l22.o
                0x0000000008000d7c                cs43l22_SetMute
 .text.cs43l22_Resume
                0x0000000008000db4       0x44 ./src/boardComponents/cs43l22.o
                0x0000000008000db4                cs43l22_Resume
 .text.cs43l22_Pause
                0x0000000008000df8       0x16 ./src/boardComponents/cs43l22.o
                0x0000000008000df8                cs43l22_Pause
 *fill*         0x0000000008000e0e        0x2 
 .text.cs43l22_Stop
                0x0000000008000e10       0x2c ./src/boardComponents/cs43l22.o
                0x0000000008000e10                cs43l22_Stop
 .text.cs43l22_Play
                0x0000000008000e3c       0x3c ./src/boardComponents/cs43l22.o
                0x0000000008000e3c                cs43l22_Play
 .text.cs43l22_SetOutputMode
                0x0000000008000e78       0x4c ./src/boardComponents/cs43l22.o
                0x0000000008000e78                cs43l22_SetOutputMode
 .text.I2Cx_Init
                0x0000000008000ec4       0xbc ./src/BSP/stm32f4_discovery.o
 .text.AUDIO_IO_Init
                0x0000000008000f80       0x64 ./src/BSP/stm32f4_discovery.o
                0x0000000008000f80                AUDIO_IO_Init
 .text.AUDIO_IO_DeInit
                0x0000000008000fe4        0x2 ./src/BSP/stm32f4_discovery.o
                0x0000000008000fe4                AUDIO_IO_DeInit
 *fill*         0x0000000008000fe6        0x2 
 .text.AUDIO_IO_Write
                0x0000000008000fe8       0x38 ./src/BSP/stm32f4_discovery.o
                0x0000000008000fe8                AUDIO_IO_Write
 .text.AUDIO_IO_Read
                0x0000000008001020       0x40 ./src/BSP/stm32f4_discovery.o
                0x0000000008001020                AUDIO_IO_Read
 .text.I2S3_Init
                0x0000000008001060      0x14c ./src/BSP/stm32f4_discovery_audio.o
 .text.BSP_AUDIO_OUT_Init
                0x00000000080011ac       0x9c ./src/BSP/stm32f4_discovery_audio.o
                0x00000000080011ac                BSP_AUDIO_OUT_Init
 .text.BSP_AUDIO_OUT_Play
                0x0000000008001248       0x3c ./src/BSP/stm32f4_discovery_audio.o
                0x0000000008001248                BSP_AUDIO_OUT_Play
 .text.timer_start
                0x0000000008001284       0x38 ./src/Timer.o
                0x0000000008001284                timer_start
 .text.timer_tick
                0x00000000080012bc       0x14 ./src/Timer.o
                0x00000000080012bc                timer_tick
 .text.SysTick_Handler
                0x00000000080012d0        0xe ./src/Timer.o
                0x00000000080012d0                SysTick_Handler
 *fill*         0x00000000080012de        0x2 
 .text.SystemClock_Config
                0x00000000080012e0       0x98 ./src/_initialize_hardware.o
                0x00000000080012e0                SystemClock_Config
 .text.__initialize_hardware
                0x0000000008001378       0x12 ./src/_initialize_hardware.o
                0x0000000008001378                __initialize_hardware
 *fill*         0x000000000800138a        0x2 
 .text.led_init
                0x000000000800138c       0x40 ./src/main.o
                0x000000000800138c                led_init
 .text.switch_init
                0x00000000080013cc       0x84 ./src/main.o
                0x00000000080013cc                switch_init
 .text.timer3_init
                0x0000000008001450       0x58 ./src/main.o
                0x0000000008001450                timer3_init
 .text.adc1_init
                0x00000000080014a8       0x8c ./src/main.o
                0x00000000080014a8                adc1_init
 .text.audio_init
                0x0000000008001534      0x120 ./src/main.o
                0x0000000008001534                audio_init
 .text.audioBlock
                0x0000000008001654      0x140 ./src/main.o
                0x0000000008001654                audioBlock
 .text.startup.main
                0x0000000008001794      0x114 ./src/main.o
                0x0000000008001794                main
 .text.EXTI0_IRQHandler
                0x00000000080018a8        0x6 ./src/main.o
                0x00000000080018a8                EXTI0_IRQHandler
 .text.EXTI1_IRQHandler
                0x00000000080018ae        0x6 ./src/main.o
                0x00000000080018ae                EXTI1_IRQHandler
 .text.EXTI2_IRQHandler
                0x00000000080018b4        0x6 ./src/main.o
                0x00000000080018b4                EXTI2_IRQHandler
 .text.EXTI3_IRQHandler
                0x00000000080018ba        0x6 ./src/main.o
                0x00000000080018ba                EXTI3_IRQHandler
 .text.HAL_GPIO_EXTI_Callback
                0x00000000080018c0       0xdc ./src/main.o
                0x00000000080018c0                HAL_GPIO_EXTI_Callback
 .text.TIM3_IRQHandler
                0x000000000800199c        0xc ./src/main.o
                0x000000000800199c                TIM3_IRQHandler
 .text.DMA2_Stream0_IRQHandler
                0x00000000080019a8        0xc ./src/main.o
                0x00000000080019a8                DMA2_Stream0_IRQHandler
 .text.DMA1_Stream5_IRQHandler
                0x00000000080019b4        0xc ./src/main.o
                0x00000000080019b4                DMA1_Stream5_IRQHandler
 .text.DMA1_Stream7_IRQHandler
                0x00000000080019c0        0xc ./src/main.o
                0x00000000080019c0                DMA1_Stream7_IRQHandler
 .text.DMA1_Stream3_IRQHandler
                0x00000000080019cc        0xc ./src/main.o
                0x00000000080019cc                DMA1_Stream3_IRQHandler
 .text.HAL_MspInit
                0x00000000080019d8        0x2 ./src/stm32f4xx_hal_msp.o
                0x00000000080019d8                HAL_MspInit
 *fill*         0x00000000080019da        0x2 
 .text          0x00000000080019dc      0x21c /Users/patrick/Downloads/gcc-arm-none-eabi-6-2017-q2-update/bin/../lib/gcc/arm-none-eabi/6.3.1/thumb/v7e-m/libgcc.a(_arm_addsubsf3.o)
                0x00000000080019dc                __aeabi_frsub
                0x00000000080019e4                __aeabi_fsub
                0x00000000080019e4                __subsf3
                0x00000000080019e8                __aeabi_fadd
                0x00000000080019e8                __addsf3
                0x0000000008001b48                __aeabi_ui2f
                0x0000000008001b48                __floatunsisf
                0x0000000008001b50                __floatsisf
                0x0000000008001b50                __aeabi_i2f
                0x0000000008001b6c                __aeabi_ul2f
                0x0000000008001b6c                __floatundisf
                0x0000000008001b7c                __aeabi_l2f
                0x0000000008001b7c                __floatdisf
 .text          0x0000000008001bf8      0x2a0 /Users/patrick/Downloads/gcc-arm-none-eabi-6-2017-q2-update/bin/../lib/gcc/arm-none-eabi/6.3.1/thumb/v7e-m/libgcc.a(_arm_muldivsf3.o)
                0x0000000008001bf8                __mulsf3
                0x0000000008001bf8                __aeabi_fmul
                0x0000000008001d60                __divsf3
                0x0000000008001d60                __aeabi_fdiv
 .text          0x0000000008001e98       0xec /Users/patrick/Downloads/gcc-arm-none-eabi-6-2017-q2-update/bin/../lib/gcc/arm-none-eabi/6.3.1/thumb/v7e-m/libgcc.a(_arm_cmpsf2.o)
                0x0000000008001e98                __gesf2
                0x0000000008001e98                __gtsf2
                0x0000000008001ea0                __ltsf2
                0x0000000008001ea0                __lesf2
                0x0000000008001ea8                __nesf2
                0x0000000008001ea8                __eqsf2
                0x0000000008001ea8                __cmpsf2
                0x0000000008001f08                __aeabi_cfrcmple
                0x0000000008001f10                __aeabi_cfcmpeq
                0x0000000008001f10                __aeabi_cfcmple
                0x0000000008001f20                __aeabi_fcmpeq
                0x0000000008001f34                __aeabi_fcmplt
                0x0000000008001f48                __aeabi_fcmple
                0x0000000008001f5c                __aeabi_fcmpge
                0x0000000008001f70                __aeabi_fcmpgt
 .text          0x0000000008001f84       0x4c /Users/patrick/Downloads/gcc-arm-none-eabi-6-2017-q2-update/bin/../lib/gcc/arm-none-eabi/6.3.1/thumb/v7e-m/libgcc.a(_arm_fixsfsi.o)
                0x0000000008001f84                __fixsfsi
                0x0000000008001f84                __aeabi_f2iz
 *(.rodata .rodata.* .constdata .constdata.*)
 .rodata.APBAHBPrescTable
                0x0000000008001fd0       0x10 ./system/src/stm32f4-hal/stm32f4xx_hal_rcc.o
                0x0000000008001fd0                APBAHBPrescTable
 .rodata.AHBPrescTable
                0x0000000008001fe0       0x10 ./system/src/CMSIS/system_stm32f4xx.o
                0x0000000008001fe0                AHBPrescTable
 .rodata.I2SFreq
                0x0000000008001ff0       0x20 ./src/BSP/stm32f4_discovery_audio.o
                0x0000000008001ff0                I2SFreq
 .rodata.I2SPLLN
                0x0000000008002010       0x20 ./src/BSP/stm32f4_discovery_audio.o
                0x0000000008002010                I2SPLLN
 .rodata.I2SPLLR
                0x0000000008002030       0x20 ./src/BSP/stm32f4_discovery_audio.o
                0x0000000008002030                I2SPLLR
 *(vtable)
 *(.eh_frame*)
 *(.glue_7)
 .glue_7        0x0000000008002050        0x0 linker stubs
 *(.glue_7t)
 .glue_7t       0x0000000008002050        0x0 linker stubs

.vfp11_veneer   0x0000000008002050        0x0
 .vfp11_veneer  0x0000000008002050        0x0 linker stubs

.v4_bx          0x0000000008002050        0x0
 .v4_bx         0x0000000008002050        0x0 linker stubs

.iplt           0x0000000008002050        0x0
 .iplt          0x0000000008002050        0x0 ./system/src/stm32f4-hal/stm32f4xx_hal.o

.rel.dyn        0x0000000008002050        0x0
 .rel.iplt      0x0000000008002050        0x0 ./system/src/stm32f4-hal/stm32f4xx_hal.o

.ARM.extab
 *(.ARM.extab* .gnu.linkonce.armextab.*)
                0x0000000008002050                . = ALIGN (0x4)
                0x0000000008002050                __exidx_start = .

.ARM.exidx
 *(.ARM.exidx* .gnu.linkonce.armexidx.*)
                0x0000000008002050                __exidx_end = .
                0x0000000008002050                . = ALIGN (0x4)
                0x0000000008002050                _etext = .
                0x0000000008002050                __etext = .

.data_CCMRAM    0x0000000010000000        0x0 load address 0x0000000008002050
 FILL mask 0xff
 *(.data.CCMRAM .data.CCMRAM.*)
                0x0000000010000000                . = ALIGN (0x4)
                0x0000000008002050                _sidata = LOADADDR (.data)

.data           0x0000000020000000     0x8044 load address 0x0000000008002050
 FILL mask 0xff
                0x0000000020000000                _sdata = .
                0x0000000020000000                __data_start__ = .
 *(.data_begin .data_begin.*)
 *(.data .data.*)
 .data.argv.4263
                0x0000000020000000        0x8 ./system/src/newlib/_syscalls.o
 .data.SystemCoreClock
                0x0000000020000008        0x4 ./system/src/CMSIS/system_stm32f4xx.o
                0x0000000020000008                SystemCoreClock
 .data.Is_cs43l22_Stop
                0x000000002000000c        0x1 ./src/boardComponents/cs43l22.o
 *fill*         0x000000002000000d        0x3 ff
 .data.cs43l22_drv
                0x0000000020000010       0x30 ./src/boardComponents/cs43l22.o
                0x0000000020000010                cs43l22_drv
 .data.I2cxTimeout
                0x0000000020000040        0x4 ./src/BSP/stm32f4_discovery.o
                0x0000000020000040                I2cxTimeout
 .data.sinetable
                0x0000000020000044     0x8000 ./src/main.o
                0x0000000020000044                sinetable
 *(.data_end .data_end.*)
                0x0000000020008044                . = ALIGN (0x4)
                0x0000000020008044                _edata = .
                0x0000000020008044                __data_end__ = .

.igot.plt       0x0000000020008044        0x0 load address 0x000000000800a094
 .igot.plt      0x0000000020008044        0x0 ./system/src/stm32f4-hal/stm32f4xx_hal.o

.bss_CCMRAM     0x0000000010000000        0x0
 *(.bss.CCMRAM .bss.CCMRAM.*)

.bss            0x0000000020008044     0xa5bc
                0x0000000020008044                __bss_start__ = .
                0x0000000020008044                _sbss = .
 *(.bss_begin .bss_begin.*)
 *(.bss .bss.*)
 .bss.name.4262
                0x0000000020008044        0x1 ./system/src/newlib/_syscalls.o
 .bss.OutputDev
                0x0000000020008045        0x1 ./src/boardComponents/cs43l22.o
                0x0000000020008045                OutputDev
 *fill*         0x0000000020008046        0x2 
 .bss.I2cHandle
                0x0000000020008048       0x44 ./src/BSP/stm32f4_discovery.o
 .bss.hdma_i2sTx.10101
                0x000000002000808c       0x58 ./src/BSP/stm32f4_discovery_audio.o
 .bss.pAudioDrv
                0x00000000200080e4        0x4 ./src/BSP/stm32f4_discovery_audio.o
 *(COMMON)
 COMMON         0x00000000200080e8        0x4 ./system/src/stm32f4-hal/stm32f4xx_hal.o
                0x00000000200080e8                uwTick
 COMMON         0x00000000200080ec       0xbc ./src/BSP/stm32f4_discovery_audio.o
                0x00000000200080ec                Filter
                0x0000000020008120                hAudioOutI2s
                0x0000000020008164                hAudioInI2s
 COMMON         0x00000000200081a8        0x4 ./src/Timer.o
                0x00000000200081a8                timer_delayCount
 COMMON         0x00000000200081ac     0xa454 ./src/main.o
                0x00000000200081ac                wavetable
                0x00000000200101ac                adcBuffer
                0x00000000200101bc                smoothadc
                0x00000000200101dc                switchon
                0x00000000200101fc                button_time
                0x000000002001023c                codecBuffer
                0x00000000200102bc                r
                0x00000000200102c0                bspAudioState
                0x00000000200102c4                adc0average
                0x00000000200103c4                avgindex
                0x00000000200103c6                dacBuffer
                0x0000000020010408                switchoff
                0x0000000020010428                DacHandle
                0x000000002001043c                time
                0x0000000020010440                phasor
                0x0000000020010454                AdcHandle
                0x000000002001049c                outBuffer
                0x000000002001149c                avgtotal
                0x00000000200114bc                TimHandle
                0x00000000200114f8                inBuffer
                0x00000000200124f8                millisecs
                0x00000000200124fc                ledselected
                0x0000000020012500                adc1average
 *(.bss_end .bss_end.*)
                0x0000000020012600                . = ALIGN (0x4)
                0x0000000020012600                __bss_end__ = .
                0x0000000020012600                _ebss = .

.noinit_CCMRAM
 *(.noinit.CCMRAM .noinit.CCMRAM.*)

.noinit         0x0000000020012600        0x0
                0x0000000020012600                _noinit = .
 *(.noinit .noinit.*)
                0x0000000020012600                . = ALIGN (0x4)
                0x0000000020012600                _end_noinit = .
                [!provide]                        PROVIDE (end, _end_noinit)
                [!provide]                        PROVIDE (_end, _end_noinit)
                [!provide]                        PROVIDE (__end, _end_noinit)
                [!provide]                        PROVIDE (__end__, _end_noinit)

._check_stack   0x0000000020012600      0x100
                0x0000000020012700                . = (. + _Minimum_Stack_Size)
 *fill*         0x0000000020012600      0x100 

.b1text
 *(.b1text)
 *(.b1rodata)
 *(.b1rodata.*)

.eb0text
 *(.eb0text)
 *(.eb0rodata)
 *(.eb0rodata.*)

.eb1text
 *(.eb1text)
 *(.eb1rodata)
 *(.eb1rodata.*)

.eb2text
 *(.eb2text)
 *(.eb2rodata)
 *(.eb2rodata.*)

.eb3text
 *(.eb3text)
 *(.eb3rodata)
 *(.eb3rodata.*)

.stab
 *(.stab)

.stabstr
 *(.stabstr)

.stab.excl
 *(.stab.excl)

.stab.exclstr
 *(.stab.exclstr)

.stab.index
 *(.stab.index)

.stab.indexstr
 *(.stab.indexstr)

.comment        0x0000000000000000       0x7f
 *(.comment)
 .comment       0x0000000000000000       0x7f ./system/src/stm32f4-hal/stm32f4xx_hal.o
                                         0x80 (size before relaxing)
 .comment       0x000000000000007f       0x80 ./system/src/stm32f4-hal/stm32f4xx_hal_cortex.o
 .comment       0x000000000000007f       0x80 ./system/src/stm32f4-hal/stm32f4xx_hal_gpio.o
 .comment       0x000000000000007f       0x80 ./system/src/stm32f4-hal/stm32f4xx_hal_rcc.o
 .comment       0x000000000000007f       0x80 ./system/src/newlib/_exit.o
 .comment       0x000000000000007f       0x80 ./system/src/newlib/_startup.o
 .comment       0x000000000000007f       0x80 ./system/src/newlib/_syscalls.o
 .comment       0x000000000000007f       0x80 ./system/src/cortexm/_initialize_hardware.o
 .comment       0x000000000000007f       0x80 ./system/src/cortexm/_reset_hardware.o
 .comment       0x000000000000007f       0x80 ./system/src/cortexm/exception_handlers.o
 .comment       0x000000000000007f       0x80 ./system/src/CMSIS/system_stm32f4xx.o
 .comment       0x000000000000007f       0x80 ./system/src/CMSIS/vectors_stm32f407xx.o
 .comment       0x000000000000007f       0x80 ./src/boardComponents/cs43l22.o
 .comment       0x000000000000007f       0x80 ./src/BSP/stm32f4_discovery.o
 .comment       0x000000000000007f       0x80 ./src/BSP/stm32f4_discovery_audio.o
 .comment       0x000000000000007f       0x80 ./src/Timer.o
 .comment       0x000000000000007f       0x80 ./src/_initialize_hardware.o
 .comment       0x000000000000007f       0x80 ./src/main.o
 .comment       0x000000000000007f       0x80 ./src/stm32f4xx_hal_msp.o

.ARM.attributes
                0x0000000000000000       0x33
 .ARM.attributes
                0x0000000000000000       0x33 ./system/src/stm32f4-hal/stm32f4xx_hal.o
 .ARM.attributes
                0x0000000000000033       0x33 ./system/src/stm32f4-hal/stm32f4xx_hal_cortex.o
 .ARM.attributes
                0x0000000000000066       0x33 ./system/src/stm32f4-hal/stm32f4xx_hal_gpio.o
 .ARM.attributes
                0x0000000000000099       0x33 ./system/src/stm32f4-hal/stm32f4xx_hal_rcc.o
 .ARM.attributes
                0x00000000000000cc       0x33 ./system/src/newlib/_exit.o
 .ARM.attributes
                0x00000000000000ff       0x33 ./system/src/newlib/_startup.o
 .ARM.attributes
                0x0000000000000132       0x33 ./system/src/newlib/_syscalls.o
 .ARM.attributes
                0x0000000000000165       0x33 ./system/src/cortexm/_initialize_hardware.o
 .ARM.attributes
                0x0000000000000198       0x33 ./system/src/cortexm/_reset_hardware.o
 .ARM.attributes
                0x00000000000001cb       0x33 ./system/src/cortexm/exception_handlers.o
 .ARM.attributes
                0x00000000000001fe       0x33 ./system/src/CMSIS/system_stm32f4xx.o
 .ARM.attributes
                0x0000000000000231       0x33 ./system/src/CMSIS/vectors_stm32f407xx.o
 .ARM.attributes
                0x0000000000000264       0x33 ./src/boardComponents/cs43l22.o
 .ARM.attributes
                0x0000000000000297       0x33 ./src/BSP/stm32f4_discovery.o
 .ARM.attributes
                0x00000000000002ca       0x33 ./src/BSP/stm32f4_discovery_audio.o
 .ARM.attributes
                0x00000000000002fd       0x33 ./src/Timer.o
 .ARM.attributes
                0x0000000000000330       0x33 ./src/_initialize_hardware.o
 .ARM.attributes
                0x0000000000000363       0x33 ./src/main.o
 .ARM.attributes
                0x0000000000000396       0x33 ./src/stm32f4xx_hal_msp.o
 .ARM.attributes
                0x00000000000003c9       0x1e /Users/patrick/Downloads/gcc-arm-none-eabi-6-2017-q2-update/bin/../lib/gcc/arm-none-eabi/6.3.1/thumb/v7e-m/libgcc.a(_arm_addsubsf3.o)
 .ARM.attributes
                0x00000000000003e7       0x1e /Users/patrick/Downloads/gcc-arm-none-eabi-6-2017-q2-update/bin/../lib/gcc/arm-none-eabi/6.3.1/thumb/v7e-m/libgcc.a(_arm_muldivsf3.o)
 .ARM.attributes
                0x0000000000000405       0x1e /Users/patrick/Downloads/gcc-arm-none-eabi-6-2017-q2-update/bin/../lib/gcc/arm-none-eabi/6.3.1/thumb/v7e-m/libgcc.a(_arm_cmpsf2.o)
 .ARM.attributes
                0x0000000000000423       0x1e /Users/patrick/Downloads/gcc-arm-none-eabi-6-2017-q2-update/bin/../lib/gcc/arm-none-eabi/6.3.1/thumb/v7e-m/libgcc.a(_arm_fixsfsi.o)

.debug
 *(.debug)

.line
 *(.line)

.debug_srcinfo
 *(.debug_srcinfo)

.debug_sfnames
 *(.debug_sfnames)

.debug_aranges  0x0000000000000000      0x780
 *(.debug_aranges)
 .debug_aranges
                0x0000000000000000       0xb8 ./system/src/stm32f4-hal/stm32f4xx_hal.o
 .debug_aranges
                0x00000000000000b8       0x98 ./system/src/stm32f4-hal/stm32f4xx_hal_cortex.o
 .debug_aranges
                0x0000000000000150       0x58 ./system/src/stm32f4-hal/stm32f4xx_hal_gpio.o
 .debug_aranges
                0x00000000000001a8       0x80 ./system/src/stm32f4-hal/stm32f4xx_hal_rcc.o
 .debug_aranges
                0x0000000000000228       0x28 ./system/src/newlib/_exit.o
 .debug_aranges
                0x0000000000000250       0x40 ./system/src/newlib/_startup.o
 .debug_aranges
                0x0000000000000290       0x30 ./system/src/newlib/_syscalls.o
 .debug_aranges
                0x00000000000002c0       0x28 ./system/src/cortexm/_initialize_hardware.o
 .debug_aranges
                0x00000000000002e8       0x20 ./system/src/cortexm/_reset_hardware.o
 .debug_aranges
                0x0000000000000308       0x80 ./system/src/cortexm/exception_handlers.o
 .debug_aranges
                0x0000000000000388       0x28 ./system/src/CMSIS/system_stm32f4xx.o
 .debug_aranges
                0x00000000000003b0       0x20 ./system/src/CMSIS/vectors_stm32f407xx.o
 .debug_aranges
                0x00000000000003d0       0x80 ./src/boardComponents/cs43l22.o
 .debug_aranges
                0x0000000000000450       0xa8 ./src/BSP/stm32f4_discovery.o
 .debug_aranges
                0x00000000000004f8       0xd8 ./src/BSP/stm32f4_discovery_audio.o
 .debug_aranges
                0x00000000000005d0       0x38 ./src/Timer.o
 .debug_aranges
                0x0000000000000608       0x28 ./src/_initialize_hardware.o
 .debug_aranges
                0x0000000000000630      0x110 ./src/main.o
 .debug_aranges
                0x0000000000000740       0x40 ./src/stm32f4xx_hal_msp.o

.debug_pubnames
 *(.debug_pubnames)

.debug_info     0x0000000000000000    0x144b8
 *(.debug_info .gnu.linkonce.wi.*)
 .debug_info    0x0000000000000000     0x1101 ./system/src/stm32f4-hal/stm32f4xx_hal.o
 .debug_info    0x0000000000001101     0x166e ./system/src/stm32f4-hal/stm32f4xx_hal_cortex.o
 .debug_info    0x000000000000276f      0xf27 ./system/src/stm32f4-hal/stm32f4xx_hal_gpio.o
 .debug_info    0x0000000000003696     0x149a ./system/src/stm32f4-hal/stm32f4xx_hal_rcc.o
 .debug_info    0x0000000000004b30      0x967 ./system/src/newlib/_exit.o
 .debug_info    0x0000000000005497      0x459 ./system/src/newlib/_startup.o
 .debug_info    0x00000000000058f0      0xa1c ./system/src/newlib/_syscalls.o
 .debug_info    0x000000000000630c      0xae1 ./system/src/cortexm/_initialize_hardware.o
 .debug_info    0x0000000000006ded      0xaf3 ./system/src/cortexm/_reset_hardware.o
 .debug_info    0x00000000000078e0      0xaec ./system/src/cortexm/exception_handlers.o
 .debug_info    0x00000000000083cc      0xcd7 ./system/src/CMSIS/system_stm32f4xx.o
 .debug_info    0x00000000000090a3       0xcd ./system/src/CMSIS/vectors_stm32f407xx.o
 .debug_info    0x0000000000009170     0x1343 ./src/boardComponents/cs43l22.o
 .debug_info    0x000000000000a4b3     0x21da ./src/BSP/stm32f4_discovery.o
 .debug_info    0x000000000000c68d     0x21ea ./src/BSP/stm32f4_discovery_audio.o
 .debug_info    0x000000000000e877      0xf48 ./src/Timer.o
 .debug_info    0x000000000000f7bf      0xd0b ./src/_initialize_hardware.o
 .debug_info    0x00000000000104ca     0x2924 ./src/main.o
 .debug_info    0x0000000000012dee     0x16ca ./src/stm32f4xx_hal_msp.o

.debug_abbrev   0x0000000000000000     0x32f7
 *(.debug_abbrev)
 .debug_abbrev  0x0000000000000000      0x33e ./system/src/stm32f4-hal/stm32f4xx_hal.o
 .debug_abbrev  0x000000000000033e      0x3c2 ./system/src/stm32f4-hal/stm32f4xx_hal_cortex.o
 .debug_abbrev  0x0000000000000700      0x2a0 ./system/src/stm32f4-hal/stm32f4xx_hal_gpio.o
 .debug_abbrev  0x00000000000009a0      0x3da ./system/src/stm32f4-hal/stm32f4xx_hal_rcc.o
 .debug_abbrev  0x0000000000000d7a      0x210 ./system/src/newlib/_exit.o
 .debug_abbrev  0x0000000000000f8a      0x1df ./system/src/newlib/_startup.o
 .debug_abbrev  0x0000000000001169      0x231 ./system/src/newlib/_syscalls.o
 .debug_abbrev  0x000000000000139a      0x1e9 ./system/src/cortexm/_initialize_hardware.o
 .debug_abbrev  0x0000000000001583      0x201 ./system/src/cortexm/_reset_hardware.o
 .debug_abbrev  0x0000000000001784      0x1fe ./system/src/cortexm/exception_handlers.o
 .debug_abbrev  0x0000000000001982      0x213 ./system/src/CMSIS/system_stm32f4xx.o
 .debug_abbrev  0x0000000000001b95       0x9a ./system/src/CMSIS/vectors_stm32f407xx.o
 .debug_abbrev  0x0000000000001c2f      0x305 ./src/boardComponents/cs43l22.o
 .debug_abbrev  0x0000000000001f34      0x439 ./src/BSP/stm32f4_discovery.o
 .debug_abbrev  0x000000000000236d      0x42f ./src/BSP/stm32f4_discovery_audio.o
 .debug_abbrev  0x000000000000279c      0x2c4 ./src/Timer.o
 .debug_abbrev  0x0000000000002a60      0x238 ./src/_initialize_hardware.o
 .debug_abbrev  0x0000000000002c98      0x3ba ./src/main.o
 .debug_abbrev  0x0000000000003052      0x2a5 ./src/stm32f4xx_hal_msp.o

.debug_line     0x0000000000000000     0x398d
 *(.debug_line)
 .debug_line    0x0000000000000000      0x395 ./system/src/stm32f4-hal/stm32f4xx_hal.o
 .debug_line    0x0000000000000395      0x3db ./system/src/stm32f4-hal/stm32f4xx_hal_cortex.o
 .debug_line    0x0000000000000770      0x3bd ./system/src/stm32f4-hal/stm32f4xx_hal_gpio.o
 .debug_line    0x0000000000000b2d      0x56c ./system/src/stm32f4-hal/stm32f4xx_hal_rcc.o
 .debug_line    0x0000000000001099      0x1cc ./system/src/newlib/_exit.o
 .debug_line    0x0000000000001265      0x131 ./system/src/newlib/_startup.o
 .debug_line    0x0000000000001396      0x1e5 ./system/src/newlib/_syscalls.o
 .debug_line    0x000000000000157b      0x19e ./system/src/cortexm/_initialize_hardware.o
 .debug_line    0x0000000000001719      0x1ad ./system/src/cortexm/_reset_hardware.o
 .debug_line    0x00000000000018c6      0x1f2 ./system/src/cortexm/exception_handlers.o
 .debug_line    0x0000000000001ab8      0x1ca ./system/src/CMSIS/system_stm32f4xx.o
 .debug_line    0x0000000000001c82       0x5a ./system/src/CMSIS/vectors_stm32f407xx.o
 .debug_line    0x0000000000001cdc      0x296 ./src/boardComponents/cs43l22.o
 .debug_line    0x0000000000001f72      0x4cb ./src/BSP/stm32f4_discovery.o
 .debug_line    0x000000000000243d      0x5af ./src/BSP/stm32f4_discovery_audio.o
 .debug_line    0x00000000000029ec      0x1de ./src/Timer.o
 .debug_line    0x0000000000002bca      0x247 ./src/_initialize_hardware.o
 .debug_line    0x0000000000002e11      0x894 ./src/main.o
 .debug_line    0x00000000000036a5      0x2e8 ./src/stm32f4xx_hal_msp.o

.debug_frame    0x0000000000000000     0x13c0
 *(.debug_frame)
 .debug_frame   0x0000000000000000      0x184 ./system/src/stm32f4-hal/stm32f4xx_hal.o
 .debug_frame   0x0000000000000184      0x138 ./system/src/stm32f4-hal/stm32f4xx_hal_cortex.o
 .debug_frame   0x00000000000002bc       0xd8 ./system/src/stm32f4-hal/stm32f4xx_hal_gpio.o
 .debug_frame   0x0000000000000394      0x158 ./system/src/stm32f4-hal/stm32f4xx_hal_rcc.o
 .debug_frame   0x00000000000004ec       0x40 ./system/src/newlib/_exit.o
 .debug_frame   0x000000000000052c       0x80 ./system/src/newlib/_startup.o
 .debug_frame   0x00000000000005ac       0x50 ./system/src/newlib/_syscalls.o
 .debug_frame   0x00000000000005fc       0x38 ./system/src/cortexm/_initialize_hardware.o
 .debug_frame   0x0000000000000634       0x20 ./system/src/cortexm/_reset_hardware.o
 .debug_frame   0x0000000000000654       0xe0 ./system/src/cortexm/exception_handlers.o
 .debug_frame   0x0000000000000734       0x38 ./system/src/CMSIS/system_stm32f4xx.o
 .debug_frame   0x000000000000076c       0x20 ./system/src/CMSIS/vectors_stm32f407xx.o
 .debug_frame   0x000000000000078c      0x150 ./src/boardComponents/cs43l22.o
 .debug_frame   0x00000000000008dc      0x208 ./src/BSP/stm32f4_discovery.o
 .debug_frame   0x0000000000000ae4      0x2cc ./src/BSP/stm32f4_discovery_audio.o
 .debug_frame   0x0000000000000db0       0x5c ./src/Timer.o
 .debug_frame   0x0000000000000e0c       0x4c ./src/_initialize_hardware.o
 .debug_frame   0x0000000000000e58      0x328 ./src/main.o
 .debug_frame   0x0000000000001180       0xd0 ./src/stm32f4xx_hal_msp.o
 .debug_frame   0x0000000000001250       0x4c /Users/patrick/Downloads/gcc-arm-none-eabi-6-2017-q2-update/bin/../lib/gcc/arm-none-eabi/6.3.1/thumb/v7e-m/libgcc.a(_arm_addsubsf3.o)
 .debug_frame   0x000000000000129c       0x38 /Users/patrick/Downloads/gcc-arm-none-eabi-6-2017-q2-update/bin/../lib/gcc/arm-none-eabi/6.3.1/thumb/v7e-m/libgcc.a(_arm_muldivsf3.o)
 .debug_frame   0x00000000000012d4       0xc8 /Users/patrick/Downloads/gcc-arm-none-eabi-6-2017-q2-update/bin/../lib/gcc/arm-none-eabi/6.3.1/thumb/v7e-m/libgcc.a(_arm_cmpsf2.o)
 .debug_frame   0x000000000000139c       0x24 /Users/patrick/Downloads/gcc-arm-none-eabi-6-2017-q2-update/bin/../lib/gcc/arm-none-eabi/6.3.1/thumb/v7e-m/libgcc.a(_arm_fixsfsi.o)

.debug_str      0x0000000000000000     0x3662
 *(.debug_str)
 .debug_str     0x0000000000000000      0xe0f ./system/src/stm32f4-hal/stm32f4xx_hal.o
                                        0xea7 (size before relaxing)
 .debug_str     0x0000000000000e0f      0x390 ./system/src/stm32f4-hal/stm32f4xx_hal_cortex.o
                                        0xfed (size before relaxing)
 .debug_str     0x000000000000119f      0x1c3 ./system/src/stm32f4-hal/stm32f4xx_hal_gpio.o
                                        0x8ea (size before relaxing)
 .debug_str     0x0000000000001362      0x2b3 ./system/src/stm32f4-hal/stm32f4xx_hal_rcc.o
                                        0xab5 (size before relaxing)
 .debug_str     0x0000000000001615       0x7a ./system/src/newlib/_exit.o
                                        0x608 (size before relaxing)
 .debug_str     0x000000000000168f      0x1a3 ./system/src/newlib/_startup.o
                                        0x370 (size before relaxing)
 .debug_str     0x0000000000001832       0x8a ./system/src/newlib/_syscalls.o
                                        0x639 (size before relaxing)
 .debug_str     0x00000000000018bc       0x5e ./system/src/cortexm/_initialize_hardware.o
                                        0x6ab (size before relaxing)
 .debug_str     0x000000000000191a       0x28 ./system/src/cortexm/_reset_hardware.o
                                        0x671 (size before relaxing)
 .debug_str     0x0000000000001942      0x11f ./system/src/cortexm/exception_handlers.o
                                        0x701 (size before relaxing)
 .debug_str     0x0000000000001a61       0x31 ./system/src/CMSIS/system_stm32f4xx.o
                                        0x77e (size before relaxing)
 .debug_str     0x0000000000001a92       0x59 ./system/src/CMSIS/vectors_stm32f407xx.o
                                        0x1f3 (size before relaxing)
 .debug_str     0x0000000000001aeb      0x19f ./src/boardComponents/cs43l22.o
                                        0x3df (size before relaxing)
 .debug_str     0x0000000000001c8a      0x943 ./src/BSP/stm32f4_discovery.o
                                       0x16f6 (size before relaxing)
 .debug_str     0x00000000000025cd      0x6a3 ./src/BSP/stm32f4_discovery_audio.o
                                       0x171b (size before relaxing)
 .debug_str     0x0000000000002c70       0x51 ./src/Timer.o
                                        0xc2f (size before relaxing)
 .debug_str     0x0000000000002cc1       0x31 ./src/_initialize_hardware.o
                                        0x8a9 (size before relaxing)
 .debug_str     0x0000000000002cf2      0x8d7 ./src/main.o
                                       0x1c28 (size before relaxing)
 .debug_str     0x00000000000035c9       0x99 ./src/stm32f4xx_hal_msp.o
                                       0x1265 (size before relaxing)

.debug_loc      0x0000000000000000     0x2f27
 *(.debug_loc)
 .debug_loc     0x0000000000000000       0x84 ./system/src/stm32f4-hal/stm32f4xx_hal.o
 .debug_loc     0x0000000000000084      0x4da ./system/src/stm32f4-hal/stm32f4xx_hal_cortex.o
 .debug_loc     0x000000000000055e      0x3cd ./system/src/stm32f4-hal/stm32f4xx_hal_gpio.o
 .debug_loc     0x000000000000092b      0x4e2 ./system/src/stm32f4-hal/stm32f4xx_hal_rcc.o
 .debug_loc     0x0000000000000e0d       0x21 ./system/src/newlib/_exit.o
 .debug_loc     0x0000000000000e2e      0x222 ./system/src/newlib/_startup.o
 .debug_loc     0x0000000000001050       0x63 ./system/src/newlib/_syscalls.o
 .debug_loc     0x00000000000010b3      0x11c ./system/src/CMSIS/system_stm32f4xx.o
 .debug_loc     0x00000000000011cf      0xdfd ./src/boardComponents/cs43l22.o
 .debug_loc     0x0000000000001fcc      0x41c ./src/BSP/stm32f4_discovery.o
 .debug_loc     0x00000000000023e8      0x55c ./src/BSP/stm32f4_discovery_audio.o
 .debug_loc     0x0000000000002944       0x88 ./src/Timer.o
 .debug_loc     0x00000000000029cc      0x4c1 ./src/main.o
 .debug_loc     0x0000000000002e8d       0x9a ./src/stm32f4xx_hal_msp.o

.debug_macinfo
 *(.debug_macinfo)

.debug_weaknames
 *(.debug_weaknames)

.debug_funcnames
 *(.debug_funcnames)

.debug_typenames
 *(.debug_typenames)

.debug_varnames
 *(.debug_varnames)
OUTPUT(f4disco-simple.elf elf32-littlearm)

.debug_ranges   0x0000000000000000      0xb70
 .debug_ranges  0x0000000000000000       0xa8 ./system/src/stm32f4-hal/stm32f4xx_hal.o
 .debug_ranges  0x00000000000000a8      0x128 ./system/src/stm32f4-hal/stm32f4xx_hal_cortex.o
 .debug_ranges  0x00000000000001d0       0x68 ./system/src/stm32f4-hal/stm32f4xx_hal_gpio.o
 .debug_ranges  0x0000000000000238      0x168 ./system/src/stm32f4-hal/stm32f4xx_hal_rcc.o
 .debug_ranges  0x00000000000003a0       0x18 ./system/src/newlib/_exit.o
 .debug_ranges  0x00000000000003b8       0xd0 ./system/src/newlib/_startup.o
 .debug_ranges  0x0000000000000488       0x20 ./system/src/newlib/_syscalls.o
 .debug_ranges  0x00000000000004a8       0x18 ./system/src/cortexm/_initialize_hardware.o
 .debug_ranges  0x00000000000004c0       0x10 ./system/src/cortexm/_reset_hardware.o
 .debug_ranges  0x00000000000004d0       0x70 ./system/src/cortexm/exception_handlers.o
 .debug_ranges  0x0000000000000540       0x18 ./system/src/CMSIS/system_stm32f4xx.o
 .debug_ranges  0x0000000000000558       0x10 ./system/src/CMSIS/vectors_stm32f407xx.o
 .debug_ranges  0x0000000000000568       0xe8 ./src/boardComponents/cs43l22.o
 .debug_ranges  0x0000000000000650      0x1a0 ./src/BSP/stm32f4_discovery.o
 .debug_ranges  0x00000000000007f0      0x110 ./src/BSP/stm32f4_discovery_audio.o
 .debug_ranges  0x0000000000000900       0x28 ./src/Timer.o
 .debug_ranges  0x0000000000000928       0x18 ./src/_initialize_hardware.o
 .debug_ranges  0x0000000000000940      0x198 ./src/main.o
 .debug_ranges  0x0000000000000ad8       0x98 ./src/stm32f4xx_hal_msp.o
